[2026-04-29T11:13:41.682Z] [INFO] Scheduled task: Full anatomy rescan (0 */6 * * *)
[2026-04-29T11:13:41.684Z] [INFO] Scheduled task: Consolidate old memory (0 2 * * *)
[2026-04-29T11:13:41.685Z] [INFO] Scheduled task: Token audit report (0 0 * * 1)
[2026-04-29T11:13:41.685Z] [INFO] Scheduled task: Cerebrum reflection (0 3 * * 0)
[2026-04-29T11:13:41.686Z] [INFO] Scheduled task: AI suggestions (0 4 * * 1)
[2026-04-29T11:13:41.688Z] [INFO] File watcher started on .wolf/
[2026-04-29T11:13:41.704Z] [INFO] OpenWolf daemon started
[2026-04-29T11:13:41.705Z] [INFO] Dashboard server listening on port 18791
[2026-04-29T11:13:43.102Z] [INFO] WebSocket client connected
[2026-04-29T11:21:56.134Z] [INFO] WebSocket client connected
[2026-04-29T11:46:19.769Z] [INFO] WebSocket client connected
[2026-04-29T11:46:22.268Z] [INFO] WebSocket client connected
[2026-04-29T12:40:23.128Z] [INFO] WebSocket client connected
[2026-04-29T19:11:45.961Z] [INFO] Scheduled task: Full anatomy rescan (0 */6 * * *)
[2026-04-29T19:11:45.972Z] [INFO] Scheduled task: Consolidate old memory (0 2 * * *)
[2026-04-29T19:11:45.972Z] [INFO] Scheduled task: Token audit report (0 0 * * 1)
[2026-04-29T19:11:45.973Z] [INFO] Scheduled task: Cerebrum reflection (0 3 * * 0)
[2026-04-29T19:11:45.973Z] [INFO] Scheduled task: AI suggestions (0 4 * * 1)
[2026-04-29T19:11:45.975Z] [INFO] File watcher started on .wolf/
[2026-04-29T19:11:45.976Z] [INFO] OpenWolf daemon started
[2026-04-29T19:11:45.977Z] [INFO] Dashboard server listening on port 18791
[2026-04-29T19:11:47.092Z] [INFO] WebSocket client connected
[2026-04-29T19:23:27.729Z] [INFO] WebSocket client connected
[2026-04-30T00:00:38.587Z] [INFO] Scheduled task: Full anatomy rescan (0 */6 * * *)
[2026-04-30T00:00:38.598Z] [INFO] Scheduled task: Consolidate old memory (0 2 * * *)
[2026-04-30T00:00:38.598Z] [INFO] Scheduled task: Token audit report (0 0 * * 1)
[2026-04-30T00:00:38.599Z] [INFO] Scheduled task: Cerebrum reflection (0 3 * * 0)
[2026-04-30T00:00:38.599Z] [INFO] Scheduled task: AI suggestions (0 4 * * 1)
[2026-04-30T00:00:38.601Z] [INFO] File watcher started on .wolf/
[2026-04-30T00:00:38.603Z] [INFO] OpenWolf daemon started
[2026-04-30T00:00:38.603Z] [INFO] Dashboard server listening on port 18791
[2026-04-30T00:00:39.787Z] [INFO] WebSocket client connected
[2026-04-30T00:00:46.076Z] [INFO] WebSocket client connected
[2026-04-30T00:01:07.760Z] [INFO] WebSocket client connected
[2026-04-30T00:35:54.705Z] [INFO] WebSocket client connected
[2026-04-30T15:13:04.939Z] [INFO] Scheduled task: Full anatomy rescan (0 */6 * * *)
[2026-04-30T15:13:04.950Z] [INFO] Scheduled task: Consolidate old memory (0 2 * * *)
[2026-04-30T15:13:04.951Z] [INFO] Scheduled task: Token audit report (0 0 * * 1)
[2026-04-30T15:13:04.951Z] [INFO] Scheduled task: Cerebrum reflection (0 3 * * 0)
[2026-04-30T15:13:04.952Z] [INFO] Scheduled task: AI suggestions (0 4 * * 1)
[2026-04-30T15:13:04.955Z] [INFO] File watcher started on .wolf/
[2026-04-30T15:13:04.956Z] [INFO] OpenWolf daemon started
[2026-04-30T15:13:04.956Z] [INFO] Dashboard server listening on port 18791
[2026-04-30T15:13:06.179Z] [INFO] WebSocket client connected
[2026-04-30T15:27:40.509Z] [INFO] WebSocket client connected
[2026-04-30T15:41:30.410Z] [INFO] WebSocket client connected
[2026-04-30T15:59:08.998Z] [INFO] WebSocket client connected
[2026-04-30T16:02:19.974Z] [INFO] WebSocket client connected
[2026-04-30T17:00:00.760Z] [INFO] Executing task: Full anatomy rescan
[2026-04-30T17:00:01.669Z] [INFO] Task Full anatomy rescan completed in 908ms
[2026-05-03T14:10:56.416Z] [INFO] Scheduled task: Full anatomy rescan (0 */6 * * *)
[2026-05-03T14:10:56.475Z] [INFO] Scheduled task: Consolidate old memory (0 2 * * *)
[2026-05-03T14:10:56.476Z] [INFO] Scheduled task: Token audit report (0 0 * * 1)
[2026-05-03T14:10:56.477Z] [INFO] Scheduled task: Cerebrum reflection (0 3 * * 0)
[2026-05-03T14:10:56.477Z] [INFO] Scheduled task: AI suggestions (0 4 * * 1)
[2026-05-03T14:10:56.509Z] [INFO] File watcher started on .wolf/
[2026-05-03T14:10:56.511Z] [INFO] OpenWolf daemon started
[2026-05-03T14:10:56.512Z] [INFO] Dashboard server listening on port 18791
[2026-05-03T14:11:07.989Z] [INFO] WebSocket client connected
[2026-05-03T14:41:47.753Z] [INFO] WebSocket client connected
[2026-05-03T15:05:36.114Z] [INFO] WebSocket client connected
[2026-05-03T21:24:58.626Z] [INFO] Scheduled task: Full anatomy rescan (0 */6 * * *)
[2026-05-03T21:24:58.638Z] [INFO] Scheduled task: Consolidate old memory (0 2 * * *)
[2026-05-03T21:24:58.639Z] [INFO] Scheduled task: Token audit report (0 0 * * 1)
[2026-05-03T21:24:58.639Z] [INFO] Scheduled task: Cerebrum reflection (0 3 * * 0)
[2026-05-03T21:24:58.640Z] [INFO] Scheduled task: AI suggestions (0 4 * * 1)
[2026-05-03T21:24:58.642Z] [INFO] File watcher started on .wolf/
[2026-05-03T21:24:58.643Z] [INFO] OpenWolf daemon started
[2026-05-03T21:24:58.644Z] [INFO] Dashboard server listening on port 18791
[2026-05-03T21:25:00.989Z] [INFO] WebSocket client connected
[2026-05-03T21:50:10.213Z] [INFO] WebSocket client connected
